 fix testing bug
